Replace Part BNC1 BNC in C:\Users\moha2063\Desktop\eLev\AMDS\CurrentCard\altium\CurrentSensorBoard.SchDoc with BNC from SensorCard.SchLib
Update Managed Component C1 From CMP-2006-03069-2[C0603C104Z3VACTU] To CMP-2006-03069-2[C0603C104Z3VACTU] in CurrentSensorBoard.SchDoc
Update Managed Component C2 From CMP-2006-03069-2[C0603C104Z3VACTU] To CMP-2006-03069-2[C0603C104Z3VACTU] in CurrentSensorBoard.SchDoc
Update Managed Component C3 From CMP-2006-03069-2[C0603C104Z3VACTU] To CMP-2006-03069-2[C0603C104Z3VACTU] in CurrentSensorBoard.SchDoc
Update Managed Component C4 From CMP-2006-03069-2[C0603C104Z3VACTU] To CMP-2006-03069-2[C0603C104Z3VACTU] in CurrentSensorBoard.SchDoc
Update Managed Component C5 From CMP-1662-00022-2[GRM1885C1H102JA01D] To CMP-1662-00022-2[GRM1885C1H102JA01D] in CurrentSensorBoard.SchDoc
Replace Part C6 Cap in C:\Users\moha2063\Desktop\eLev\AMDS\CurrentCard\altium\CurrentSensorBoard.SchDoc with Cap from SensorCard.SchLib
Replace Part C7 Cap in C:\Users\moha2063\Desktop\eLev\AMDS\CurrentCard\altium\CurrentSensorBoard.SchDoc with Cap from SensorCard.SchLib
Replace Part C8 Cap in C:\Users\moha2063\Desktop\eLev\AMDS\CurrentCard\altium\CurrentSensorBoard.SchDoc with Cap from SensorCard.SchLib
Update Managed Component C9 From CMP-2006-03069-2[C0603C104Z3VACTU] To CMP-2006-03069-2[C0603C104Z3VACTU] in CurrentSensorBoard.SchDoc
Replace Part C10 Cap in C:\Users\moha2063\Desktop\eLev\AMDS\CurrentCard\altium\CurrentSensorBoard.SchDoc with Cap from SensorCard.SchLib
Replace Part C11 Cap in C:\Users\moha2063\Desktop\eLev\AMDS\CurrentCard\altium\CurrentSensorBoard.SchDoc with Cap from SensorCard.SchLib
Update Managed Component DS1 From CMP-2000-06622-2[LTST-C193KGKT-5A] To CMP-2000-06622-2[LTST-C193KGKT-5A] in CurrentSensorBoard.SchDoc
Update Managed Component DS2 From CMP-2000-06624-2[LTST-C193TBKT-5A] To CMP-2000-06624-2[LTST-C193TBKT-5A] in CurrentSensorBoard.SchDoc
Replace Part IC1 LA 55-P in C:\Users\moha2063\Desktop\eLev\AMDS\CurrentCard\altium\CurrentSensorBoard.SchDoc with LA 55-P from SensorCard.SchLib
Update Managed Component L1 From CMP-0220-00193-3[742792609] To CMP-0220-00193-3[742792609] in CurrentSensorBoard.SchDoc
Update Managed Component L2 From CMP-0220-00193-3[742792609] To CMP-0220-00193-3[742792609] in CurrentSensorBoard.SchDoc
Update Managed Component L3 From CMP-0220-00193-3[742792609] To CMP-0220-00193-3[742792609] in CurrentSensorBoard.SchDoc
Update Managed Component L4 From CMP-0220-00193-3[742792609] To CMP-0220-00193-3[742792609] in CurrentSensorBoard.SchDoc
Replace Part MH1 MOUNT_HOLE in C:\Users\moha2063\Desktop\eLev\AMDS\CurrentCard\altium\CurrentSensorBoard.SchDoc with MOUNT_HOLE from SensorCard.SchLib
Replace Part MH2 MOUNT_HOLE in C:\Users\moha2063\Desktop\eLev\AMDS\CurrentCard\altium\CurrentSensorBoard.SchDoc with MOUNT_HOLE from SensorCard.SchLib
Replace Part P1 HDR1x3 in C:\Users\moha2063\Desktop\eLev\AMDS\CurrentCard\altium\CurrentSensorBoard.SchDoc with HDR1x3 from SensorCard.SchLib
Replace Part P2 HDR1X7 in C:\Users\moha2063\Desktop\eLev\AMDS\CurrentCard\altium\CurrentSensorBoard.SchDoc with HDR1X7 from SensorCard.SchLib
Replace Part P3 HDR1x3 in C:\Users\moha2063\Desktop\eLev\AMDS\CurrentCard\altium\CurrentSensorBoard.SchDoc with HDR1x3 from SensorCard.SchLib
Replace Part P5 Screw terminal in C:\Users\moha2063\Desktop\eLev\AMDS\CurrentCard\altium\CurrentSensorBoard.SchDoc with Screw terminal from SensorCard.SchLib
Replace Part P6 Screw terminal in C:\Users\moha2063\Desktop\eLev\AMDS\CurrentCard\altium\CurrentSensorBoard.SchDoc with Screw terminal from SensorCard.SchLib
Update Managed Component R2 From CMP-1659-00035-2[RC0603FR-07470RL] To CMP-1659-00035-2[RC0603FR-07470RL] in CurrentSensorBoard.SchDoc
Update Managed Component R4 From CMP-2000-00874-2[ERA3AEB103V] To CMP-2000-00874-2[ERA-3AEB103V] in CurrentSensorBoard.SchDoc
Replace Part R5 Res 0603 in C:\Users\moha2063\Desktop\eLev\AMDS\CurrentCard\altium\CurrentSensorBoard.SchDoc with Res 0603 from SensorCard.SchLib
Update Managed Component R6 From CMP-2000-00133-2[ERA3AEB1072V] To CMP-2000-00133-2[ERA-3AEB8451V] in CurrentSensorBoard.SchDoc
Update Managed Component R8 From CMP-2000-00068-1[ERA3AEB4121V] To CMP-2000-00068-1[ERA3AEB4641V] in CurrentSensorBoard.SchDoc
Update Managed Component TP1 From CMP-2000-05575-2[5004] To CMP-2000-05575-2[5004] in CurrentSensorBoard.SchDoc
Update Managed Component TP2 From CMP-2000-05575-2[5004] To CMP-2000-05575-2[5004] in CurrentSensorBoard.SchDoc
Update Managed Component TP3 From CMP-2000-05575-2[5004] To CMP-2000-05575-2[5004] in CurrentSensorBoard.SchDoc
Update Managed Component TP4 From CMP-2000-05575-2[5004] To CMP-2000-05575-2[5004] in CurrentSensorBoard.SchDoc
Update Managed Component TP5 From CMP-2000-05575-2[5004] To CMP-2000-05575-2[5004] in CurrentSensorBoard.SchDoc
Update Managed Component TP6 From CMP-2000-05575-2[5004] To CMP-2000-05575-2[5004] in CurrentSensorBoard.SchDoc
Update Managed Component TP7 From CMP-2000-05575-2[5004] To CMP-2000-05575-2[5004] in CurrentSensorBoard.SchDoc
Replace Part U1 ADS8860 in C:\Users\moha2063\Desktop\eLev\AMDS\CurrentCard\altium\CurrentSensorBoard.SchDoc with ADS8860 from SensorCard.SchLib
Update Managed Component U2 From CMP-0272-00853-3[OPA320AIDBVR] To CMP-0272-00853-3[OPA320AIDBVR] in CurrentSensorBoard.SchDoc
Update Managed Component U3 From CMP-0367-00254-2[REF5045IDGKT] To CMP-0367-00254-2[REF5050IDGKT] in CurrentSensorBoard.SchDoc
